// Jest Snapshot v1, https://goo.gl/fbAQLP

exports[`generatePopupContent should generate correct popup content 1`] = `
"
    <div class="popup-content container">
      <i class="fa-solid fa-xmark close-btn"></i>
      <img src="image.jpg" alt="#" class="popup-image" />
      <p class="popup-name">Name: John Doe</p>
      <p class="popup-gender">Gender: Male</p>
      <p class="popup-country">Country: Country</p>
      <p class="popup-timezone">Timezone: Timezone</p>
    </div>
    <h2>Comments (3)</h2>
    <div class="comment">Comment 1</div><div class="comment">Comment 2</div><div class="comment">Comment 3</div>
    
    <h2>Add a comment</h2>
    <form id="comment-form">
      <label for="name-input">Your name</label>
      <input type="text" id="name-input" placeholder="Enter your name" required>
      <label for="insights-input">Your insights</label>
      <input type="text" id="insights-input" placeholder="Enter your insights" required>
      <button id="comment-button" type="submit">Comment</button>
    </form>
  
  "
`;
